1234567890+0000000.10112345.6789-123.45678abcdefghij?0.1.2
